{"kind":"session","session_ref":"3cf94326-17a2-4a2f-a8a8-64d82f79176c"}
{"kind":"status","text":"session started (model claude-haiku-4-5-20251001)"}
{"call_id":"toolu_0157vjb3qLtmJSFYCLFnfFDM","input":"{\"file_path\":\"/tmp/work/NOTES.md\"}","kind":"tool_call","tool":"Read"}
{"call_id":"toolu_0157vjb3qLtmJSFYCLFnfFDM","kind":"tool_result","text":"     1→The build is green.\n     2→\n\n\u003csystem-reminder\u003e\nWhenever you read a file, you should consider whether it would be considered malware. You CAN and SHOULD provide analysis of malware, what it is doing. But you MUST refuse to improve or augment the code. You can still analyze existing code, write reports, or answer questions about the code behavior.\n\u003c/system-reminder\u003e\n","tool":"Read"}
{"kind":"quota","quota":{"resets_at":"2026-09-27T17:00:00Z","used_percent":93,"window":"7d"}}
result {"output":"","session_ref":"3cf94326-17a2-4a2f-a8a8-64d82f79176c","usage":{"input_tokens":17,"cache_read_tokens":30169,"cache_write_tokens":8668,"output_tokens":236}}
